=======================================================
  TEST: rectificar_ejes � snap a 45�
=======================================================
  Input:            x1=0, y1=0, x2=100, y2=107.24
  �ngulo real:      47.0008�
  Longitud:         146.6302 px
  Eje m�s cercano:  45�
  Desviaci�n:       2.0008�  (tolerancia=15�)

  Output:           x1=0, y1=0, x2=103.6832, y2=103.6832
  Snap aplicado:    45�
  �ngulo original:  47.0008�
  �ngulo final:     45.000000�

